[Licensing::Module] Trying to connect to existing licensing client channel...
Built from '6000.3/staging' branch; Version is '6000.3.11f1 (3000ef702840) revision 3145967'; Using compiler version '194234433'; Build Type 'Release'
[Licensing::IpcConnector] Successfully connected to: "LicenseClient-User" at "2026-06-04T04:36:16.5889132Z"
OS: 'Windows 11  (10.0.26200) Core' Language: 'ko' Physical Memory: 32577 MB
BatchMode: 1, IsHumanControllingUs: 0, StartBugReporterOnCrash: 0, Is64bit: 1
System  architecture: x64
Process architecture: x64
Date: 2026-06-04T04:36:16Z

COMMAND LINE ARGUMENTS:
E:\unity\6000.3.11f1\Editor\Unity.exe
-adb2
-batchMode
-noUpm
-name
AssetImportWorker9
-projectPath
C:/Users/User/Desktop/COM ANI REAL PROJECT/com_ani_final_project
-logFile
Logs/AssetImportWorker9.log
-srvPort
59130
-licensingIpc
LicenseClient-User
-job-worker-count
11
-background-job-worker-count
8
-gc-helper-count
1
-name
AssetImport
Successfully changed project path to: C:/Users/User/Desktop/COM ANI REAL PROJECT/com_ani_final_project
C:/Users/User/Desktop/COM ANI REAL PROJECT/com_ani_final_project
[UnityMemory] Configuration Parameters - Can be set up in boot.config
    "memorysetup-temp-allocator-size-nav-mesh-worker=65536"
    "memorysetup-temp-allocator-size-audio-worker=65536"
    "memorysetup-temp-allocator-size-gfx=262144"
    "memorysetup-allocator-temp-initial-block-size-main=262144"
    "memorysetup-allocator-temp-initial-block-size-worker=262144"
    "memorysetup-temp-allocator-size-background-worker=32768"
    "memorysetup-temp-allocator-size-job-worker=262144"
    "memorysetup-temp-allocator-size-preload-manager=33554432"
    "memorysetup-temp-allocator-size-gi-baking-worker=262144"
    "memorysetup-temp-allocator-size-gi-baking-worker=262144"
    "memorysetup-temp-allocator-size-gi-baking-worker=262144"
    "memorysetup-temp-allocator-size-gi-baking-worker=262144"
    "memorysetup-temp-allocator-size-gi-baking-worker=262144"
    "memorysetup-bucket-allocator-granularity=16"
    "memorysetup-bucket-allocator-bucket-count=8"
    "memorysetup-bucket-allocator-block-size=33554432"
    "memorysetup-bucket-allocator-block-count=8"
    "memorysetup-main-allocator-block-size=16777216"
    "memorysetup-thread-allocator-block-size=16777216"
    "memorysetup-gfx-main-allocator-block-size=16777216"
    "memorysetup-gfx-thread-allocator-block-size=16777216"
    "memorysetup-cache-allocator-block-size=4194304"
    "memorysetup-typetree-allocator-block-size=2097152"
    "memorysetup-profiler-bucket-allocator-granularity=16"
    "memorysetup-profiler-bucket-allocator-bucket-count=8"
    "memorysetup-profiler-bucket-allocator-block-size=33554432"
    "memorysetup-profiler-bucket-allocator-block-count=8"
    "memorysetup-profiler-allocator-block-size=16777216"
    "memorysetup-profiler-editor-allocator-block-size=1048576"
    "memorysetup-temp-allocator-size-main=16777216"
    "memorysetup-job-temp-allocator-block-size=2097152"
    "memorysetup-job-temp-allocator-block-size-background=1048576"
    "memorysetup-job-temp-allocator-reduction-small-platforms=262144"
    "memorysetup-temp-allocator-size-cloud-worker=32768"
Player connection [39824]  Target information:

Player connection [39824]  * "[IP] 192.168.0.6 [Port] 0 [Flags] 2 [Guid] 3465179949 [EditorId] 3465179949 [Version] 1048832 [Id] WindowsEditor(7,DESKTOP-3KCO4M1) [Debug] 1 [PackageName] WindowsEditor [ProjectName] Editor" 

Player connection [39824] Host joined multi-casting on [225.0.0.222:54997]...
Player connection [39824] Host joined alternative multi-casting on [225.0.0.222:34997]...
JobSystem: Creating JobQueue using job-worker-count value 11
Input System module state changed to: Initialized.
[Physics::Module] Initialized fallback backend.
[Physics::Module] Id: 0xdecafbad
Library Redirect Path: Library/
[Physics::Module] Selected backend.
[Physics::Module] Name: PhysX
[Physics::Module] Id: 0xf2b8ea05
[Physics::Module] SDK Version: 4.1.2
[Physics::Module] Integration Version: 1.0.0
[Physics::Module] Threading Mode: Multi-Threaded
Refreshing native plugins compatible for Editor in 5.60 ms, found 4 plugins.
Preloading 0 native plugins for Editor in 0.00 ms.
Initialize engine version: 6000.3.11f1 (3000ef702840)
[Subsystems] Discovering subsystems at path E:/unity/6000.3.11f1/Editor/Data/Resources/UnitySubsystems
[Subsystems] Discovering subsystems at path C:/Users/User/Desktop/COM ANI REAL PROJECT/com_ani_final_project/Assets
GfxDevice: creating device client; kGfxThreadingModeNonThreaded
Direct3D:
    Version:  Direct3D 11.0 [level 11.1]
    Renderer: NVIDIA GeForce RTX 3060 Ti (ID=0x2489)
    Vendor:   NVIDIA
    VRAM:     8024 MB
    Driver:   32.0.15.9621
Initialize mono
Mono path[0] = 'E:/unity/6000.3.11f1/Editor/Data/Managed'
Mono path[1] = 'E:/unity/6000.3.11f1/Editor/Data/MonoBleedingEdge/lib/mono/unityjit-win32'
Mono config path = 'E:/unity/6000.3.11f1/Editor/Data/MonoBleedingEdge/etc'
Using monoOptions --debugger-agent=transport=dt_socket,embedding=1,server=y,suspend=n,address=127.0.0.1:56512
Begin MonoManager ReloadAssembly
Registering precompiled unity dll's ...
Register platform support module: E:/unity/6000.3.11f1/Editor/Data/PlaybackEngines/WindowsStandaloneSupport/UnityEditor.WindowsStandalone.Extensions.dll
Registered in 0.002117 seconds.
- Loaded All Assemblies, in  0.397 seconds
Native extension for WindowsStandalone target not found
[Licensing::Client] Error: HandshakeResponse reported an error:
	ResponseCode: 505
	ResponseStatus: Unsupported protocol version '1.18.0'.
[Licensing::Module] Error: Failed to handshake to channel: "LicenseClient-User"
[Licensing::IpcConnector] LicenseClient-User channel disconnected successfully.
[Licensing::IpcConnector] Successfully connected to: "LicenseClient-User-6000.3.11" at "2026-06-04T04:36:17.7641443Z"
[Licensing::Client] Handshaking with LicensingClient:
  Version:                 1.18.0+23225a6
  Session Id:              99019c6f810c4394b5333ce23be0d650
  Correlation Id:          e34b4438216cbdb3985d0f39df6d38b7
  External correlation Id: 7998961022590639101
  Machine Id:              tnPMHDmzcJKjPDwZDg0GMR5CZ6Y=
[Licensing::Module] Successfully connected to LicensingClient on channel: "LicenseClient-User-6000.3.11" (connect: 0.00s, validation: 0.00s, handshake: 0.10s)
[Licensing::IpcConnector] Successfully connected to: "LicenseClient-User-6000.3.11-notifications" at "2026-06-04T04:36:17.8680775Z"
[Licensing::Module] Licensing Background thread has ended after 1.28s
Package Manager log level set to [2]
[Package Manager] Failed to launch server process. Reason: Unity was launched with the -noUpm command-line argument
[Package Manager] Unable to send message (not connected to server process).
[Package Manager] Cannot connect to Unity Package Manager local server
ScheduleIndexationOnStartup MainProcess:False IndexOnStartup:True
Mono: successfully reloaded assembly
- Finished resetting the current domain, in  0.337 seconds
Domain Reload Profiling: 734ms
	BeginReloadAssembly (164ms)
		ExecutionOrderSort (0ms)
		DisableScriptedObjects (0ms)
		BackupInstance (0ms)
		ReleaseScriptingObjects (0ms)
		CreateAndSetChildDomain (1ms)
	RebuildCommonClasses (30ms)
	RebuildNativeTypeToScriptingClass (12ms)
	initialDomainReloadingComplete (37ms)
	LoadAllAssembliesAndSetupDomain (153ms)
		LoadAssemblies (164ms)
		RebuildTransferFunctionScriptingTraits (0ms)
		AnalyzeDomain (150ms)
			TypeCache.Refresh (149ms)
				TypeCache.ScanAssembly (136ms)
			BuildScriptInfoCaches (0ms)
			ResolveRequiredComponents (0ms)
	FinalizeReload (337ms)
		ReleaseScriptCaches (0ms)
		RebuildScriptCaches (0ms)
		SetupLoadedEditorAssemblies (297ms)
			LogAssemblyErrors (0ms)
			InitializePlatformSupportModulesInManaged (42ms)
			SetLoadedEditorAssemblies (4ms)
			BeforeProcessingInitializeOnLoad (75ms)
			ProcessInitializeOnLoadAttributes (117ms)
			ProcessInitializeOnLoadMethodAttributes (60ms)
			AfterProcessingInitializeOnLoad (0ms)
			EditorAssembliesLoaded (0ms)
		ExecutionOrderSort2 (0ms)
		AwakeInstancesAfterBackupRestoration (0ms)
========================================================================
Worker process is ready to serve import requests
Import Worker Mode flag is 0x00
Begin MonoManager ReloadAssembly
[Licensing::Client] Successfully resolved entitlement details
[Licensing::Module] License group:
  Id: 14568817533135-UnityPersXXXX
  Product: Unity Personal
  Type: Assigned
  Expiration: Unlimited
- Loaded All Assemblies, in  0.793 seconds
Refreshing native plugins compatible for Editor in 2.27 ms, found 4 plugins.
Native extension for WindowsStandalone target not found
[Package Manager] Failed to launch server process. Reason: Unity was launched with the -noUpm command-line argument
[Package Manager] Unable to send message (not connected to server process).
[Package Manager] Cannot connect to Unity Package Manager local server
[Package Manager] Failed to launch server process. Reason: Unity was launched with the -noUpm command-line argument
[Package Manager] Unable to send message (not connected to server process).
[Package Manager] Cannot connect to Unity Package Manager local server
ScheduleIndexationOnStartup MainProcess:False IndexOnStartup:True
Mono: successfully reloaded assembly
- Finished resetting the current domain, in  0.727 seconds
Domain Reload Profiling: 1517ms
	BeginReloadAssembly (182ms)
		ExecutionOrderSort (0ms)
		DisableScriptedObjects (4ms)
		BackupInstance (0ms)
		ReleaseScriptingObjects (0ms)
		CreateAndSetChildDomain (22ms)
	RebuildCommonClasses (32ms)
	RebuildNativeTypeToScriptingClass (9ms)
	initialDomainReloadingComplete (31ms)
	LoadAllAssembliesAndSetupDomain (535ms)
		LoadAssemblies (392ms)
		RebuildTransferFunctionScriptingTraits (0ms)
		AnalyzeDomain (265ms)
			TypeCache.Refresh (187ms)
				TypeCache.ScanAssembly (170ms)
			BuildScriptInfoCaches (66ms)
			ResolveRequiredComponents (7ms)
	FinalizeReload (727ms)
		ReleaseScriptCaches (0ms)
		RebuildScriptCaches (0ms)
		SetupLoadedEditorAssemblies (600ms)
			LogAssemblyErrors (0ms)
			InitializePlatformSupportModulesInManaged (1ms)
			SetLoadedEditorAssemblies (7ms)
			BeforeProcessingInitializeOnLoad (111ms)
			ProcessInitializeOnLoadAttributes (380ms)
			ProcessInitializeOnLoadMethodAttributes (98ms)
			AfterProcessingInitializeOnLoad (3ms)
			EditorAssembliesLoaded (0ms)
		ExecutionOrderSort2 (0ms)
		AwakeInstancesAfterBackupRestoration (8ms)
Launched and connected shader compiler UnityShaderCompiler.exe after 0.02 seconds
Refreshing native plugins compatible for Editor in 2.53 ms, found 4 plugins.
Preloading 0 native plugins for Editor in 0.00 ms.
Unloading 16 Unused Serialized files (Serialized files now loaded: 0)
Unloading 6921 unused Assets / (5.0 MB). Loaded Objects now: 7739.
Memory consumption went from 165.0 MB to 160.0 MB.
Total: 6.960200 ms (FindLiveObjects: 0.463500 ms CreateObjectMapping: 0.281000 ms MarkObjects: 4.221900 ms  DeleteObjects: 1.992900 ms)

========================================================================
Received Import Request.
  Time since last request: 6049.143814 seconds.
  path: Assets/karsiori/Scenes
  artifactKey: Guid(82a2d5355f2da474ea989c9e83d5f656) Importer(2089858483,b0f066a214c2f5e87bad3c948f4d605d)
Start importing Assets/karsiori/Scenes using Guid(82a2d5355f2da474ea989c9e83d5f656) Importer(2089858483,b0f066a214c2f5e87bad3c948f4d605d) (ScriptedImporter) -> (artifact id: 'f6eada2eaa26e97763bc29af1fbc6228') in 0.0399699 seconds
Number of updated asset objects reloaded before import = 0Number of asset objects unloaded after import = 1

========================================================================
Received Import Request.
  Time since last request: 0.000012 seconds.
  path: Assets/karsiori/Tiles/Tiles_74.asset
  artifactKey: Guid(c8b8d46819621054bbb0f167d8bf185d) Importer(2089858483,b0f066a214c2f5e87bad3c948f4d605d)
Start importing Assets/karsiori/Tiles/Tiles_74.asset using Guid(c8b8d46819621054bbb0f167d8bf185d) Importer(2089858483,b0f066a214c2f5e87bad3c948f4d605d) (ScriptedImporter) -> (artifact id: '16ba3ea9db481859564b86de92919a28') in 0.0494698 seconds
Number of updated asset objects reloaded before import = 0Number of asset objects unloaded after import = 2

========================================================================
Received Import Request.
  Time since last request: 0.000011 seconds.
  path: Assets/karsiori/Tiles/Tiles_100.asset
  artifactKey: Guid(40d4fbb8daaa500488cd16aecddb1c93) Importer(2089858483,b0f066a214c2f5e87bad3c948f4d605d)
Start importing Assets/karsiori/Tiles/Tiles_100.asset using Guid(40d4fbb8daaa500488cd16aecddb1c93) Importer(2089858483,b0f066a214c2f5e87bad3c948f4d605d) (ScriptedImporter) -> (artifact id: '0169981017f4c78adfbdc09ba2ca5fe2') in 0.0113198 seconds
Number of updated asset objects reloaded before import = 0Number of asset objects unloaded after import = 2

========================================================================
Received Import Request.
  Time since last request: 0.000010 seconds.
  path: Assets/karsiori/Tiles/Tiles_34.asset
  artifactKey: Guid(1e168e976b2ce4447b3a879cc083ee80) Importer(2089858483,b0f066a214c2f5e87bad3c948f4d605d)
Start importing Assets/karsiori/Tiles/Tiles_34.asset using Guid(1e168e976b2ce4447b3a879cc083ee80) Importer(2089858483,b0f066a214c2f5e87bad3c948f4d605d) (ScriptedImporter) -> (artifact id: '79fe5cfb9d9bc236d0352eed85d1f8c9') in 0.0094956 seconds
Number of updated asset objects reloaded before import = 0Number of asset objects unloaded after import = 2

========================================================================
Received Import Request.
  Time since last request: 0.000020 seconds.
  path: Assets/karsiori/Tiles/Tiles_75.asset
  artifactKey: Guid(951ff64d7fdf6154bab145d8f3ccf56d) Importer(2089858483,b0f066a214c2f5e87bad3c948f4d605d)
Start importing Assets/karsiori/Tiles/Tiles_75.asset using Guid(951ff64d7fdf6154bab145d8f3ccf56d) Importer(2089858483,b0f066a214c2f5e87bad3c948f4d605d) (ScriptedImporter) -> (artifact id: 'd89ece173b42ea2de996f4a49639d690') in 0.0110456 seconds
Number of updated asset objects reloaded before import = 0Number of asset objects unloaded after import = 2

========================================================================
Received Import Request.
  Time since last request: 0.000010 seconds.
  path: Assets/karsiori/Tiles/Tiles_116.asset
  artifactKey: Guid(cf13da391fb67a74380c89b5b57f489c) Importer(2089858483,b0f066a214c2f5e87bad3c948f4d605d)
Start importing Assets/karsiori/Tiles/Tiles_116.asset using Guid(cf13da391fb67a74380c89b5b57f489c) Importer(2089858483,b0f066a214c2f5e87bad3c948f4d605d) (ScriptedImporter) -> (artifact id: '51f19f1705e422b820439bcddcb565cb') in 0.0108298 seconds
Number of updated asset objects reloaded before import = 0Number of asset objects unloaded after import = 2

========================================================================
Received Import Request.
  Time since last request: 0.000012 seconds.
  path: Assets/karsiori/Tiles/Tiles_111.asset
  artifactKey: Guid(c3f0f11f75fab0042aeab8aed2455f5f) Importer(2089858483,b0f066a214c2f5e87bad3c948f4d605d)
Start importing Assets/karsiori/Tiles/Tiles_111.asset using Guid(c3f0f11f75fab0042aeab8aed2455f5f) Importer(2089858483,b0f066a214c2f5e87bad3c948f4d605d) (ScriptedImporter) -> (artifact id: '6bec55472b68cddf04a131025937857c') in 0.0125901 seconds
Number of updated asset objects reloaded before import = 0Number of asset objects unloaded after import = 2

========================================================================
Received Import Request.
  Time since last request: 0.000015 seconds.
  path: Assets/karsiori/Props/Materials/Mountains 1.mat
  artifactKey: Guid(58053a694433c42469003f51b2fe0a07) Importer(2089858483,b0f066a214c2f5e87bad3c948f4d605d)
Start importing Assets/karsiori/Props/Materials/Mountains 1.mat using Guid(58053a694433c42469003f51b2fe0a07) Importer(2089858483,b0f066a214c2f5e87bad3c948f4d605d) (ScriptedImporter) -> (artifact id: 'fcaf0f56a0d7c26ab1ea446eeaf90878') in 0.0210216 seconds
Number of updated asset objects reloaded before import = 0Number of asset objects unloaded after import = 2

========================================================================
Received Import Request.
  Time since last request: 83.977066 seconds.
  path: Assets/Fantasy Pixel Locks and Keys/PNG/Amethyst lock.png
  artifactKey: Guid(cff684fa42571744fbafc11d2fcda1ca) Importer(815301076,1909f56bfc062723c751e8b465ee728b)
Start importing Assets/Fantasy Pixel Locks and Keys/PNG/Amethyst lock.png using Guid(cff684fa42571744fbafc11d2fcda1ca) Importer(815301076,1909f56bfc062723c751e8b465ee728b) (PreviewImporter) -> (artifact id: 'e69dc24a8cbe9a1ab11ff7c0cca5d09a') in 0.0587952 seconds
Number of updated asset objects reloaded before import = 0Number of asset objects unloaded after import = 3

========================================================================
Received Import Request.
  Time since last request: 0.000022 seconds.
  path: Assets/Fantasy Pixel Locks and Keys/PNG/Sapphire lock.png
  artifactKey: Guid(2e8777c9ca770ff46aea285af914d6d9) Importer(815301076,1909f56bfc062723c751e8b465ee728b)
Start importing Assets/Fantasy Pixel Locks and Keys/PNG/Sapphire lock.png using Guid(2e8777c9ca770ff46aea285af914d6d9) Importer(815301076,1909f56bfc062723c751e8b465ee728b) (PreviewImporter) -> (artifact id: '0c41b1a2bb2a40ba147d0af5f471f114') in 0.0154712 seconds
Number of updated asset objects reloaded before import = 0Number of asset objects unloaded after import = 3

========================================================================
Received Import Request.
  Time since last request: 0.000016 seconds.
  path: Assets/Fantasy Pixel Locks and Keys/PNG/Sapphire key.png
  artifactKey: Guid(89754720434816548aa631b0a4cb5bd0) Importer(815301076,1909f56bfc062723c751e8b465ee728b)
Start importing Assets/Fantasy Pixel Locks and Keys/PNG/Sapphire key.png using Guid(89754720434816548aa631b0a4cb5bd0) Importer(815301076,1909f56bfc062723c751e8b465ee728b) (PreviewImporter) -> (artifact id: '8814181faebb5872dd682a0c8c3f1712') in 0.015985 seconds
Number of updated asset objects reloaded before import = 0Number of asset objects unloaded after import = 3

========================================================================
Received Import Request.
  Time since last request: 0.000030 seconds.
  path: Assets/Fantasy Pixel Locks and Keys/PNG/Gold lock.png
  artifactKey: Guid(992d9ae7825d59840bbcfb79ca609626) Importer(815301076,1909f56bfc062723c751e8b465ee728b)
Start importing Assets/Fantasy Pixel Locks and Keys/PNG/Gold lock.png using Guid(992d9ae7825d59840bbcfb79ca609626) Importer(815301076,1909f56bfc062723c751e8b465ee728b) (PreviewImporter) -> (artifact id: '9744949fb1d99a7ceb5da5ac26c0920f') in 0.0146565 seconds
Number of updated asset objects reloaded before import = 0Number of asset objects unloaded after import = 3

========================================================================
Received Import Request.
  Time since last request: 0.000019 seconds.
  path: Assets/Fantasy Pixel Locks and Keys/PNG/Ruby key.png
  artifactKey: Guid(75ede881ad3463d459c8d1663d79b5ab) Importer(815301076,1909f56bfc062723c751e8b465ee728b)
Start importing Assets/Fantasy Pixel Locks and Keys/PNG/Ruby key.png using Guid(75ede881ad3463d459c8d1663d79b5ab) Importer(815301076,1909f56bfc062723c751e8b465ee728b) (PreviewImporter) -> (artifact id: '68887f79c58df3bb31c1521b903cc4a3') in 0.0152854 seconds
Number of updated asset objects reloaded before import = 0Number of asset objects unloaded after import = 3

========================================================================
Received Import Request.
  Time since last request: 0.000017 seconds.
  path: Assets/Fantasy Pixel Locks and Keys/PNG/Dark lock.png
  artifactKey: Guid(984027b25c03c594a9cc64d8ccf3adfd) Importer(815301076,1909f56bfc062723c751e8b465ee728b)
Start importing Assets/Fantasy Pixel Locks and Keys/PNG/Dark lock.png using Guid(984027b25c03c594a9cc64d8ccf3adfd) Importer(815301076,1909f56bfc062723c751e8b465ee728b) (PreviewImporter) -> (artifact id: 'a9bf3d23a9b0a5014e4b58e6ea16921a') in 0.0160562 seconds
Number of updated asset objects reloaded before import = 0Number of asset objects unloaded after import = 3

========================================================================
Received Import Request.
  Time since last request: 0.000013 seconds.
  path: Assets/Fantasy Pixel Locks and Keys/PNG/Silver lock.png
  artifactKey: Guid(600f6bb52b05c984d8a81e73ef129298) Importer(815301076,1909f56bfc062723c751e8b465ee728b)
Start importing Assets/Fantasy Pixel Locks and Keys/PNG/Silver lock.png using Guid(600f6bb52b05c984d8a81e73ef129298) Importer(815301076,1909f56bfc062723c751e8b465ee728b) (PreviewImporter) -> (artifact id: '5f714f5645f158bbcd353133eab6daaf') in 0.0137923 seconds
Number of updated asset objects reloaded before import = 0Number of asset objects unloaded after import = 3

========================================================================
Received Import Request.
  Time since last request: 0.000017 seconds.
  path: Assets/Fantasy Pixel Locks and Keys/PNG/Silver key.png
  artifactKey: Guid(276df120646e94748af5ace438dea29c) Importer(815301076,1909f56bfc062723c751e8b465ee728b)
Start importing Assets/Fantasy Pixel Locks and Keys/PNG/Silver key.png using Guid(276df120646e94748af5ace438dea29c) Importer(815301076,1909f56bfc062723c751e8b465ee728b) (PreviewImporter) -> (artifact id: '167d2821a560736dceaff0ac42d6c8a2') in 0.0148087 seconds
Number of updated asset objects reloaded before import = 0Number of asset objects unloaded after import = 3

========================================================================
Received Import Request.
  Time since last request: 0.000025 seconds.
  path: Assets/Fantasy Pixel Locks and Keys/PNG/Diamond key.png
  artifactKey: Guid(7e9e48bd404ccfd4a951530180aa9d08) Importer(815301076,1909f56bfc062723c751e8b465ee728b)
Start importing Assets/Fantasy Pixel Locks and Keys/PNG/Diamond key.png using Guid(7e9e48bd404ccfd4a951530180aa9d08) Importer(815301076,1909f56bfc062723c751e8b465ee728b) (PreviewImporter) -> (artifact id: 'b61fff56a2e254d26087e1a8d1d7fe8b') in 0.0138991 seconds
Number of updated asset objects reloaded before import = 0Number of asset objects unloaded after import = 3

========================================================================
Received Import Request.
  Time since last request: 11.112619 seconds.
  path: Assets/PF SET1/bakcground_night2.png
  artifactKey: Guid(41261f6ed984eb046a1828b6f367e7b9) Importer(815301076,1909f56bfc062723c751e8b465ee728b)
Start importing Assets/PF SET1/bakcground_night2.png using Guid(41261f6ed984eb046a1828b6f367e7b9) Importer(815301076,1909f56bfc062723c751e8b465ee728b) (PreviewImporter) -> (artifact id: '15935af7249188ad43840d71cd8614b3') in 0.0200415 seconds
Number of updated asset objects reloaded before import = 0Number of asset objects unloaded after import = 3

========================================================================
Received Import Request.
  Time since last request: 0.000020 seconds.
  path: Assets/PF SET1/decorative_obj.png
  artifactKey: Guid(d23e82e29bfdabf4f9b01dc69e6901b5) Importer(815301076,1909f56bfc062723c751e8b465ee728b)
Start importing Assets/PF SET1/decorative_obj.png using Guid(d23e82e29bfdabf4f9b01dc69e6901b5) Importer(815301076,1909f56bfc062723c751e8b465ee728b) (PreviewImporter) -> (artifact id: '01b90b9ba6dc6db73f2be1c10447d943') in 0.0164182 seconds
Number of updated asset objects reloaded before import = 0Number of asset objects unloaded after import = 3

========================================================================
Received Import Request.
  Time since last request: 2.731432 seconds.
  path: Assets/karsiori/Props/Cloud 5.png
  artifactKey: Guid(295730d00a44d2c48a4a94109383735a) Importer(815301076,1909f56bfc062723c751e8b465ee728b)
Start importing Assets/karsiori/Props/Cloud 5.png using Guid(295730d00a44d2c48a4a94109383735a) Importer(815301076,1909f56bfc062723c751e8b465ee728b) (PreviewImporter) -> (artifact id: '16a4e2a8ba186c524d00ec91b895a527') in 0.0177205 seconds
Number of updated asset objects reloaded before import = 0Number of asset objects unloaded after import = 3

========================================================================
Received Import Request.
  Time since last request: 0.000011 seconds.
  path: Assets/karsiori/Props/Cloud 6.png
  artifactKey: Guid(716815a71067a3640a8789a8ca028ccd) Importer(815301076,1909f56bfc062723c751e8b465ee728b)
Start importing Assets/karsiori/Props/Cloud 6.png using Guid(716815a71067a3640a8789a8ca028ccd) Importer(815301076,1909f56bfc062723c751e8b465ee728b) (PreviewImporter) -> (artifact id: '51b9e2d2ebdc1d1b0303dd5ef461fa06') in 0.0149349 seconds
Number of updated asset objects reloaded before import = 0Number of asset objects unloaded after import = 3

========================================================================
Received Import Request.
  Time since last request: 0.000012 seconds.
  path: Assets/karsiori/Props/Mountains 2.png
  artifactKey: Guid(776d4740fc55fad409f80236fafd7892) Importer(815301076,1909f56bfc062723c751e8b465ee728b)
Start importing Assets/karsiori/Props/Mountains 2.png using Guid(776d4740fc55fad409f80236fafd7892) Importer(815301076,1909f56bfc062723c751e8b465ee728b) (PreviewImporter) -> (artifact id: '6f396a8108421b4db3957586b4e9ceed') in 0.0180068 seconds
Number of updated asset objects reloaded before import = 0Number of asset objects unloaded after import = 3

========================================================================
Received Import Request.
  Time since last request: 0.000013 seconds.
  path: Assets/karsiori/Props/Fence 1.png
  artifactKey: Guid(33b9473a27b5fc442a8a2fc06608c84a) Importer(815301076,1909f56bfc062723c751e8b465ee728b)
Start importing Assets/karsiori/Props/Fence 1.png using Guid(33b9473a27b5fc442a8a2fc06608c84a) Importer(815301076,1909f56bfc062723c751e8b465ee728b) (PreviewImporter) -> (artifact id: '06d88bdc99ccbb60a906d2bc18b30eab') in 0.0141648 seconds
Number of updated asset objects reloaded before import = 0Number of asset objects unloaded after import = 3

========================================================================
Received Import Request.
  Time since last request: 0.000017 seconds.
  path: Assets/karsiori/Props/Flower 1.png
  artifactKey: Guid(8545cb47bfed5614caba5ae57d227d5a) Importer(815301076,1909f56bfc062723c751e8b465ee728b)
Start importing Assets/karsiori/Props/Flower 1.png using Guid(8545cb47bfed5614caba5ae57d227d5a) Importer(815301076,1909f56bfc062723c751e8b465ee728b) (PreviewImporter) -> (artifact id: 'bb2574d9c80e484a59330458e9c6fa6e') in 0.014991 seconds
Number of updated asset objects reloaded before import = 0Number of asset objects unloaded after import = 3

========================================================================
Received Import Request.
  Time since last request: 0.000017 seconds.
  path: Assets/karsiori/Props/Mountains 3.png
  artifactKey: Guid(62bd1561469e04e40bf9385fea9f88d3) Importer(815301076,1909f56bfc062723c751e8b465ee728b)
Start importing Assets/karsiori/Props/Mountains 3.png using Guid(62bd1561469e04e40bf9385fea9f88d3) Importer(815301076,1909f56bfc062723c751e8b465ee728b) (PreviewImporter) -> (artifact id: '74f762f377dec0dec7f89ddee85af169') in 0.0166741 seconds
Number of updated asset objects reloaded before import = 0Number of asset objects unloaded after import = 3

========================================================================
Received Import Request.
  Time since last request: 29.185896 seconds.
  path: Assets/karsiori/Tiles/Tiles_3.asset
  artifactKey: Guid(79daca573f0bbbd44bc733db667d92ed) Importer(815301076,1909f56bfc062723c751e8b465ee728b)
Start importing Assets/karsiori/Tiles/Tiles_3.asset using Guid(79daca573f0bbbd44bc733db667d92ed) Importer(815301076,1909f56bfc062723c751e8b465ee728b) (PreviewImporter) -> (artifact id: 'ce53ce669e14f4e4250b1a1e164a74ef') in 0.0327186 seconds
Number of updated asset objects reloaded before import = 0Number of asset objects unloaded after import = 3

========================================================================
Received Import Request.
  Time since last request: 0.000019 seconds.
  path: Assets/karsiori/Tiles/Tiles_46.asset
  artifactKey: Guid(70200b4823d40f945ad18f823cf2575f) Importer(815301076,1909f56bfc062723c751e8b465ee728b)
Start importing Assets/karsiori/Tiles/Tiles_46.asset using Guid(70200b4823d40f945ad18f823cf2575f) Importer(815301076,1909f56bfc062723c751e8b465ee728b) (PreviewImporter) -> (artifact id: 'd61b5f7dbd22ecd241e24dd977f8ce43') in 0.0133629 seconds
Number of updated asset objects reloaded before import = 0Number of asset objects unloaded after import = 3

========================================================================
Received Import Request.
  Time since last request: 0.000022 seconds.
  path: Assets/karsiori/Tiles/Tiles_39.asset
  artifactKey: Guid(1b9f4828e9810f74381b0ff218a44dd5) Importer(815301076,1909f56bfc062723c751e8b465ee728b)
Start importing Assets/karsiori/Tiles/Tiles_39.asset using Guid(1b9f4828e9810f74381b0ff218a44dd5) Importer(815301076,1909f56bfc062723c751e8b465ee728b) (PreviewImporter) -> (artifact id: '48829c0ccf6ce9c6e7180a30e23b740e') in 0.0120091 seconds
Number of updated asset objects reloaded before import = 0Number of asset objects unloaded after import = 3

========================================================================
Received Import Request.
  Time since last request: 0.000014 seconds.
  path: Assets/karsiori/Tiles/Tiles_28.asset
  artifactKey: Guid(47d219b924a015143b6b5fb9c49085e9) Importer(815301076,1909f56bfc062723c751e8b465ee728b)
Start importing Assets/karsiori/Tiles/Tiles_28.asset using Guid(47d219b924a015143b6b5fb9c49085e9) Importer(815301076,1909f56bfc062723c751e8b465ee728b) (PreviewImporter) -> (artifact id: '283806920f78fa81e7359f738a0fefc0') in 0.0121926 seconds
Number of updated asset objects reloaded before import = 0Number of asset objects unloaded after import = 3

========================================================================
Received Import Request.
  Time since last request: 0.000010 seconds.
  path: Assets/karsiori/Tiles/Tiles_11.asset
  artifactKey: Guid(becd8c28ccbdc6a498fad3165ca53611) Importer(815301076,1909f56bfc062723c751e8b465ee728b)
Start importing Assets/karsiori/Tiles/Tiles_11.asset using Guid(becd8c28ccbdc6a498fad3165ca53611) Importer(815301076,1909f56bfc062723c751e8b465ee728b) (PreviewImporter) -> (artifact id: '2956259138a81b022e40547273cff5c0') in 0.0098275 seconds
Number of updated asset objects reloaded before import = 0Number of asset objects unloaded after import = 3

========================================================================
Received Import Request.
  Time since last request: 0.000015 seconds.
  path: Assets/karsiori/Tiles/Tiles_25.asset
  artifactKey: Guid(42f2caf5c2d7e2140ba2fb4547d96c38) Importer(815301076,1909f56bfc062723c751e8b465ee728b)
Start importing Assets/karsiori/Tiles/Tiles_25.asset using Guid(42f2caf5c2d7e2140ba2fb4547d96c38) Importer(815301076,1909f56bfc062723c751e8b465ee728b) (PreviewImporter) -> (artifact id: 'b4c0bcd6332ea6fa14b28cea2bf5736f') in 0.0110162 seconds
Number of updated asset objects reloaded before import = 0Number of asset objects unloaded after import = 3

========================================================================
Received Import Request.
  Time since last request: 0.000019 seconds.
  path: Assets/karsiori/Tiles/Tiles_23.asset
  artifactKey: Guid(3e8bed4d4c61b004d99a542db8b4128c) Importer(815301076,1909f56bfc062723c751e8b465ee728b)
Start importing Assets/karsiori/Tiles/Tiles_23.asset using Guid(3e8bed4d4c61b004d99a542db8b4128c) Importer(815301076,1909f56bfc062723c751e8b465ee728b) (PreviewImporter) -> (artifact id: '3920db2e143e3ab07b9d871dc632d6a2') in 0.0112415 seconds
Number of updated asset objects reloaded before import = 0Number of asset objects unloaded after import = 3

========================================================================
Received Import Request.
  Time since last request: 0.000010 seconds.
  path: Assets/karsiori/Tiles/Tiles_45.asset
  artifactKey: Guid(6b8ac5abc57d2074bbff824b436dc146) Importer(815301076,1909f56bfc062723c751e8b465ee728b)
Start importing Assets/karsiori/Tiles/Tiles_45.asset using Guid(6b8ac5abc57d2074bbff824b436dc146) Importer(815301076,1909f56bfc062723c751e8b465ee728b) (PreviewImporter) -> (artifact id: '84acb3fc4454e962b9b6abcef4f10bf8') in 0.0104302 seconds
Number of updated asset objects reloaded before import = 0Number of asset objects unloaded after import = 3

========================================================================
Received Import Request.
  Time since last request: 0.000016 seconds.
  path: Assets/karsiori/Tiles/Tiles_8.asset
  artifactKey: Guid(32cad8e4ed99ec64c835f0d6ae7f4934) Importer(815301076,1909f56bfc062723c751e8b465ee728b)
Start importing Assets/karsiori/Tiles/Tiles_8.asset using Guid(32cad8e4ed99ec64c835f0d6ae7f4934) Importer(815301076,1909f56bfc062723c751e8b465ee728b) (PreviewImporter) -> (artifact id: 'e3e263eeaa09c439eea21ab651b959c8') in 0.0107093 seconds
Number of updated asset objects reloaded before import = 0Number of asset objects unloaded after import = 3

========================================================================
Received Import Request.
  Time since last request: 1.152904 seconds.
  path: Assets/karsiori/Tiles/Tiles_56.asset
  artifactKey: Guid(432cc034637fe244294272c4031c3a9e) Importer(815301076,1909f56bfc062723c751e8b465ee728b)
Start importing Assets/karsiori/Tiles/Tiles_56.asset using Guid(432cc034637fe244294272c4031c3a9e) Importer(815301076,1909f56bfc062723c751e8b465ee728b) (PreviewImporter) -> (artifact id: '15f0e8e72e25f71e1d6431daeb6253bf') in 0.0131076 seconds
Number of updated asset objects reloaded before import = 0Number of asset objects unloaded after import = 3

========================================================================
Received Import Request.
  Time since last request: 0.000015 seconds.
  path: Assets/karsiori/Tiles/Tiles_57.asset
  artifactKey: Guid(723197b3fb5942c4bad65448e7ecec5e) Importer(815301076,1909f56bfc062723c751e8b465ee728b)
Start importing Assets/karsiori/Tiles/Tiles_57.asset using Guid(723197b3fb5942c4bad65448e7ecec5e) Importer(815301076,1909f56bfc062723c751e8b465ee728b) (PreviewImporter) -> (artifact id: 'a3c6acc2f0808fceee3ef191f681fc07') in 0.0098687 seconds
Number of updated asset objects reloaded before import = 0Number of asset objects unloaded after import = 3

========================================================================
Received Import Request.
  Time since last request: 0.044100 seconds.
  path: Assets/karsiori/Tiles/Tiles_64.asset
  artifactKey: Guid(a2ce6fe5f7183c542af08cd71f866748) Importer(815301076,1909f56bfc062723c751e8b465ee728b)
Start importing Assets/karsiori/Tiles/Tiles_64.asset using Guid(a2ce6fe5f7183c542af08cd71f866748) Importer(815301076,1909f56bfc062723c751e8b465ee728b) (PreviewImporter) -> (artifact id: '25fefd138068d428fb1d5ab517249803') in 0.0091009 seconds
Number of updated asset objects reloaded before import = 0Number of asset objects unloaded after import = 3

Editor requested this worker to shutdown with reason: Scaling down because of idle timeout
AssetImportWorker is now disconnected from the server
Process exiting
Exiting without the bug reporter. Application will terminate with return code 0