[Licensing::Module] Trying to connect to existing licensing client channel...
Built from '6000.3/staging' branch; Version is '6000.3.11f1 (3000ef702840) revision 3145967'; Using compiler version '194234433'; Build Type 'Release'
[Licensing::IpcConnector] Successfully connected to: "LicenseClient-User" at "2026-06-04T04:37:45.0998385Z"
OS: 'Windows 11  (10.0.26200) Core' Language: 'ko' Physical Memory: 32577 MB
BatchMode: 1, IsHumanControllingUs: 0, StartBugReporterOnCrash: 0, Is64bit: 1
System  architecture: x64
Process architecture: x64
Date: 2026-06-04T04:37:45Z

COMMAND LINE ARGUMENTS:
E:\unity\6000.3.11f1\Editor\Unity.exe
-adb2
-batchMode
-noUpm
-name
AssetImportWorker12
-projectPath
C:/Users/User/Desktop/COM ANI REAL PROJECT/com_ani_final_project
-logFile
Logs/AssetImportWorker12.log
-srvPort
59130
-licensingIpc
LicenseClient-User
-job-worker-count
11
-background-job-worker-count
8
-gc-helper-count
1
-name
AssetImport
Successfully changed project path to: C:/Users/User/Desktop/COM ANI REAL PROJECT/com_ani_final_project
C:/Users/User/Desktop/COM ANI REAL PROJECT/com_ani_final_project
[UnityMemory] Configuration Parameters - Can be set up in boot.config
    "memorysetup-temp-allocator-size-nav-mesh-worker=65536"
    "memorysetup-temp-allocator-size-audio-worker=65536"
    "memorysetup-temp-allocator-size-gfx=262144"
    "memorysetup-allocator-temp-initial-block-size-main=262144"
    "memorysetup-allocator-temp-initial-block-size-worker=262144"
    "memorysetup-temp-allocator-size-background-worker=32768"
    "memorysetup-temp-allocator-size-job-worker=262144"
    "memorysetup-temp-allocator-size-preload-manager=33554432"
    "memorysetup-temp-allocator-size-gi-baking-worker=262144"
    "memorysetup-temp-allocator-size-gi-baking-worker=262144"
    "memorysetup-temp-allocator-size-gi-baking-worker=262144"
    "memorysetup-temp-allocator-size-gi-baking-worker=262144"
    "memorysetup-temp-allocator-size-gi-baking-worker=262144"
    "memorysetup-bucket-allocator-granularity=16"
    "memorysetup-bucket-allocator-bucket-count=8"
    "memorysetup-bucket-allocator-block-size=33554432"
    "memorysetup-bucket-allocator-block-count=8"
    "memorysetup-main-allocator-block-size=16777216"
    "memorysetup-thread-allocator-block-size=16777216"
    "memorysetup-gfx-main-allocator-block-size=16777216"
    "memorysetup-gfx-thread-allocator-block-size=16777216"
    "memorysetup-cache-allocator-block-size=4194304"
    "memorysetup-typetree-allocator-block-size=2097152"
    "memorysetup-profiler-bucket-allocator-granularity=16"
    "memorysetup-profiler-bucket-allocator-bucket-count=8"
    "memorysetup-profiler-bucket-allocator-block-size=33554432"
    "memorysetup-profiler-bucket-allocator-block-count=8"
    "memorysetup-profiler-allocator-block-size=16777216"
    "memorysetup-profiler-editor-allocator-block-size=1048576"
    "memorysetup-temp-allocator-size-main=16777216"
    "memorysetup-job-temp-allocator-block-size=2097152"
    "memorysetup-job-temp-allocator-block-size-background=1048576"
    "memorysetup-job-temp-allocator-reduction-small-platforms=262144"
    "memorysetup-temp-allocator-size-cloud-worker=32768"
Player connection [47296]  Target information:

Player connection [47296]  * "[IP] 192.168.0.6 [Port] 0 [Flags] 2 [Guid] 1503893044 [EditorId] 1503893044 [Version] 1048832 [Id] WindowsEditor(7,DESKTOP-3KCO4M1) [Debug] 1 [PackageName] WindowsEditor [ProjectName] Editor" 

Player connection [47296] Host joined multi-casting on [225.0.0.222:54997]...
Player connection [47296] Host joined alternative multi-casting on [225.0.0.222:34997]...
JobSystem: Creating JobQueue using job-worker-count value 11
Input System module state changed to: Initialized.
[Physics::Module] Initialized fallback backend.
[Physics::Module] Id: 0xdecafbad
Library Redirect Path: Library/
[Physics::Module] Selected backend.
[Physics::Module] Name: PhysX
[Physics::Module] Id: 0xf2b8ea05
[Physics::Module] SDK Version: 4.1.2
[Physics::Module] Integration Version: 1.0.0
[Physics::Module] Threading Mode: Multi-Threaded
Refreshing native plugins compatible for Editor in 4.32 ms, found 4 plugins.
Preloading 0 native plugins for Editor in 0.00 ms.
Initialize engine version: 6000.3.11f1 (3000ef702840)
[Subsystems] Discovering subsystems at path E:/unity/6000.3.11f1/Editor/Data/Resources/UnitySubsystems
[Subsystems] Discovering subsystems at path C:/Users/User/Desktop/COM ANI REAL PROJECT/com_ani_final_project/Assets
GfxDevice: creating device client; kGfxThreadingModeNonThreaded
Direct3D:
    Version:  Direct3D 11.0 [level 11.1]
    Renderer: NVIDIA GeForce RTX 3060 Ti (ID=0x2489)
    Vendor:   NVIDIA
    VRAM:     8024 MB
    Driver:   32.0.15.9621
Initialize mono
Mono path[0] = 'E:/unity/6000.3.11f1/Editor/Data/Managed'
Mono path[1] = 'E:/unity/6000.3.11f1/Editor/Data/MonoBleedingEdge/lib/mono/unityjit-win32'
Mono config path = 'E:/unity/6000.3.11f1/Editor/Data/MonoBleedingEdge/etc'
Using monoOptions --debugger-agent=transport=dt_socket,embedding=1,server=y,suspend=n,address=127.0.0.1:56852
Begin MonoManager ReloadAssembly
Registering precompiled unity dll's ...
Register platform support module: E:/unity/6000.3.11f1/Editor/Data/PlaybackEngines/WindowsStandaloneSupport/UnityEditor.WindowsStandalone.Extensions.dll
Registered in 0.001759 seconds.
- Loaded All Assemblies, in  0.348 seconds
Native extension for WindowsStandalone target not found
[Licensing::Client] Error: HandshakeResponse reported an error:
	ResponseCode: 505
	ResponseStatus: Unsupported protocol version '1.18.0'.
[Licensing::Module] Error: Failed to handshake to channel: "LicenseClient-User"
[Licensing::IpcConnector] LicenseClient-User channel disconnected successfully.
[Licensing::IpcConnector] Successfully connected to: "LicenseClient-User-6000.3.11" at "2026-06-04T04:37:46.2362028Z"
[Licensing::Client] Handshaking with LicensingClient:
  Version:                 1.18.0+23225a6
  Session Id:              0a342e29a6b14608a7e2f1c76bba49c0
  Correlation Id:          e34b4438216cbdb3985d0f39df6d38b7
  External correlation Id: 7336781490877133358
  Machine Id:              tnPMHDmzcJKjPDwZDg0GMR5CZ6Y=
[Licensing::Module] Successfully connected to LicensingClient on channel: "LicenseClient-User-6000.3.11" (connect: 0.00s, validation: 0.00s, handshake: 0.09s)
[Licensing::IpcConnector] Successfully connected to: "LicenseClient-User-6000.3.11-notifications" at "2026-06-04T04:37:46.3293494Z"
[Licensing::Module] Licensing Background thread has ended after 1.23s
Package Manager log level set to [2]
[Package Manager] Failed to launch server process. Reason: Unity was launched with the -noUpm command-line argument
[Package Manager] Unable to send message (not connected to server process).
[Package Manager] Cannot connect to Unity Package Manager local server
ScheduleIndexationOnStartup MainProcess:False IndexOnStartup:True
Mono: successfully reloaded assembly
- Finished resetting the current domain, in  0.295 seconds
Domain Reload Profiling: 643ms
	BeginReloadAssembly (133ms)
		ExecutionOrderSort (0ms)
		DisableScriptedObjects (0ms)
		BackupInstance (0ms)
		ReleaseScriptingObjects (0ms)
		CreateAndSetChildDomain (1ms)
	RebuildCommonClasses (28ms)
	RebuildNativeTypeToScriptingClass (9ms)
	initialDomainReloadingComplete (34ms)
	LoadAllAssembliesAndSetupDomain (143ms)
		LoadAssemblies (133ms)
		RebuildTransferFunctionScriptingTraits (0ms)
		AnalyzeDomain (141ms)
			TypeCache.Refresh (139ms)
				TypeCache.ScanAssembly (129ms)
			BuildScriptInfoCaches (0ms)
			ResolveRequiredComponents (0ms)
	FinalizeReload (295ms)
		ReleaseScriptCaches (0ms)
		RebuildScriptCaches (0ms)
		SetupLoadedEditorAssemblies (259ms)
			LogAssemblyErrors (0ms)
			InitializePlatformSupportModulesInManaged (33ms)
			SetLoadedEditorAssemblies (3ms)
			BeforeProcessingInitializeOnLoad (73ms)
			ProcessInitializeOnLoadAttributes (96ms)
			ProcessInitializeOnLoadMethodAttributes (55ms)
			AfterProcessingInitializeOnLoad (0ms)
			EditorAssembliesLoaded (0ms)
		ExecutionOrderSort2 (0ms)
		AwakeInstancesAfterBackupRestoration (0ms)
========================================================================
Worker process is ready to serve import requests
Import Worker Mode flag is 0x00
Begin MonoManager ReloadAssembly
[Licensing::Client] Successfully resolved entitlement details
[Licensing::Module] License group:
  Id: 14568817533135-UnityPersXXXX
  Product: Unity Personal
  Type: Assigned
  Expiration: Unlimited
- Loaded All Assemblies, in  0.616 seconds
Refreshing native plugins compatible for Editor in 1.31 ms, found 4 plugins.
Native extension for WindowsStandalone target not found
[Package Manager] Failed to launch server process. Reason: Unity was launched with the -noUpm command-line argument
[Package Manager] Unable to send message (not connected to server process).
[Package Manager] Cannot connect to Unity Package Manager local server
[Package Manager] Failed to launch server process. Reason: Unity was launched with the -noUpm command-line argument
[Package Manager] Unable to send message (not connected to server process).
[Package Manager] Cannot connect to Unity Package Manager local server
ScheduleIndexationOnStartup MainProcess:False IndexOnStartup:True
Mono: successfully reloaded assembly
- Finished resetting the current domain, in  0.640 seconds
Domain Reload Profiling: 1253ms
	BeginReloadAssembly (150ms)
		ExecutionOrderSort (0ms)
		DisableScriptedObjects (4ms)
		BackupInstance (0ms)
		ReleaseScriptingObjects (0ms)
		CreateAndSetChildDomain (22ms)
	RebuildCommonClasses (26ms)
	RebuildNativeTypeToScriptingClass (9ms)
	initialDomainReloadingComplete (25ms)
	LoadAllAssembliesAndSetupDomain (403ms)
		LoadAssemblies (300ms)
		RebuildTransferFunctionScriptingTraits (0ms)
		AnalyzeDomain (197ms)
			TypeCache.Refresh (133ms)
				TypeCache.ScanAssembly (121ms)
			BuildScriptInfoCaches (54ms)
			ResolveRequiredComponents (6ms)
	FinalizeReload (640ms)
		ReleaseScriptCaches (0ms)
		RebuildScriptCaches (0ms)
		SetupLoadedEditorAssemblies (538ms)
			LogAssemblyErrors (0ms)
			InitializePlatformSupportModulesInManaged (1ms)
			SetLoadedEditorAssemblies (4ms)
			BeforeProcessingInitializeOnLoad (98ms)
			ProcessInitializeOnLoadAttributes (345ms)
			ProcessInitializeOnLoadMethodAttributes (87ms)
			AfterProcessingInitializeOnLoad (1ms)
			EditorAssembliesLoaded (0ms)
		ExecutionOrderSort2 (0ms)
		AwakeInstancesAfterBackupRestoration (8ms)
Launched and connected shader compiler UnityShaderCompiler.exe after 0.01 seconds
Refreshing native plugins compatible for Editor in 1.95 ms, found 4 plugins.
Preloading 0 native plugins for Editor in 0.00 ms.
Unloading 16 Unused Serialized files (Serialized files now loaded: 0)
Unloading 6921 unused Assets / (4.2 MB). Loaded Objects now: 7739.
Memory consumption went from 161.2 MB to 157.0 MB.
Total: 6.066600 ms (FindLiveObjects: 0.447200 ms CreateObjectMapping: 0.342000 ms MarkObjects: 3.898000 ms  DeleteObjects: 1.378600 ms)

========================================================================
Received Import Request.
  Time since last request: 6145.494678 seconds.
  path: Assets/PF SET1/bakcground_day2.png
  artifactKey: Guid(134b0e89814f7b94590356522970bcff) Importer(815301076,1909f56bfc062723c751e8b465ee728b)
Start importing Assets/PF SET1/bakcground_day2.png using Guid(134b0e89814f7b94590356522970bcff) Importer(815301076,1909f56bfc062723c751e8b465ee728b) (PreviewImporter) -> (artifact id: 'ca14db1982d81ffa01e9ca6ba8969a6b') in 0.0627879 seconds
Number of updated asset objects reloaded before import = 0Number of asset objects unloaded after import = 3

========================================================================
Received Import Request.
  Time since last request: 2.743405 seconds.
  path: Assets/karsiori/Props/Cloud 2.png
  artifactKey: Guid(2da0bc26740dc764eacc284e6b290cd3) Importer(815301076,1909f56bfc062723c751e8b465ee728b)
Start importing Assets/karsiori/Props/Cloud 2.png using Guid(2da0bc26740dc764eacc284e6b290cd3) Importer(815301076,1909f56bfc062723c751e8b465ee728b) (PreviewImporter) -> (artifact id: '8970f186baa6ff65e980a96f91ea5333') in 0.0201266 seconds
Number of updated asset objects reloaded before import = 0Number of asset objects unloaded after import = 3

========================================================================
Received Import Request.
  Time since last request: 0.000012 seconds.
  path: Assets/karsiori/Props/Sky.png
  artifactKey: Guid(6497b3f1be9ac8240bae284e0c937bad) Importer(815301076,1909f56bfc062723c751e8b465ee728b)
Start importing Assets/karsiori/Props/Sky.png using Guid(6497b3f1be9ac8240bae284e0c937bad) Importer(815301076,1909f56bfc062723c751e8b465ee728b) (PreviewImporter) -> (artifact id: 'ccba9ca9a3f92fdca09ee492c1dea599') in 0.0146472 seconds
Number of updated asset objects reloaded before import = 0Number of asset objects unloaded after import = 3

========================================================================
Received Import Request.
  Time since last request: 0.000017 seconds.
  path: Assets/karsiori/Props/Flower 5.png
  artifactKey: Guid(504f9d6e961856948a5e3d9b1f9e6790) Importer(815301076,1909f56bfc062723c751e8b465ee728b)
Start importing Assets/karsiori/Props/Flower 5.png using Guid(504f9d6e961856948a5e3d9b1f9e6790) Importer(815301076,1909f56bfc062723c751e8b465ee728b) (PreviewImporter) -> (artifact id: 'aa7dca9797324f2f45c5f1cdfaa375da') in 0.0181847 seconds
Number of updated asset objects reloaded before import = 0Number of asset objects unloaded after import = 3

========================================================================
Received Import Request.
  Time since last request: 0.000021 seconds.
  path: Assets/karsiori/Props/Standing Torch.png
  artifactKey: Guid(c88cf37e4550f5b4dbc97e969f5d78ff) Importer(815301076,1909f56bfc062723c751e8b465ee728b)
Start importing Assets/karsiori/Props/Standing Torch.png using Guid(c88cf37e4550f5b4dbc97e969f5d78ff) Importer(815301076,1909f56bfc062723c751e8b465ee728b) (PreviewImporter) -> (artifact id: '7780044c500971a5956ae2e74157980e') in 0.0143041 seconds
Number of updated asset objects reloaded before import = 0Number of asset objects unloaded after import = 3

========================================================================
Received Import Request.
  Time since last request: 0.000007 seconds.
  path: Assets/karsiori/Props/Tree 3.png
  artifactKey: Guid(0d0be6720880b3b4fb61de1fc7c97ec9) Importer(815301076,1909f56bfc062723c751e8b465ee728b)
Start importing Assets/karsiori/Props/Tree 3.png using Guid(0d0be6720880b3b4fb61de1fc7c97ec9) Importer(815301076,1909f56bfc062723c751e8b465ee728b) (PreviewImporter) -> (artifact id: 'f2bd58fcab9410a9bd4288939a93494b') in 0.0142932 seconds
Number of updated asset objects reloaded before import = 0Number of asset objects unloaded after import = 3

========================================================================
Received Import Request.
  Time since last request: 0.000012 seconds.
  path: Assets/karsiori/Props/Flower 3.png
  artifactKey: Guid(2057435941ed5594f95d9f066a935e3b) Importer(815301076,1909f56bfc062723c751e8b465ee728b)
Start importing Assets/karsiori/Props/Flower 3.png using Guid(2057435941ed5594f95d9f066a935e3b) Importer(815301076,1909f56bfc062723c751e8b465ee728b) (PreviewImporter) -> (artifact id: 'c2d637fec219204bb4183c07d3222858') in 0.0166095 seconds
Number of updated asset objects reloaded before import = 0Number of asset objects unloaded after import = 3

========================================================================
Received Import Request.
  Time since last request: 29.183949 seconds.
  path: Assets/karsiori/Tiles/Tiles_0.asset
  artifactKey: Guid(9cddc428145874445b94c08bcb6a8152) Importer(815301076,1909f56bfc062723c751e8b465ee728b)
Start importing Assets/karsiori/Tiles/Tiles_0.asset using Guid(9cddc428145874445b94c08bcb6a8152) Importer(815301076,1909f56bfc062723c751e8b465ee728b) (PreviewImporter) -> (artifact id: '11fa7b980c6d7f9931605c88dc7efaad') in 0.0335644 seconds
Number of updated asset objects reloaded before import = 0Number of asset objects unloaded after import = 3

========================================================================
Received Import Request.
  Time since last request: 0.000013 seconds.
  path: Assets/karsiori/Tiles/Tiles_14.asset
  artifactKey: Guid(bc424ec7f0daacd468a320b6c0971e89) Importer(815301076,1909f56bfc062723c751e8b465ee728b)
Start importing Assets/karsiori/Tiles/Tiles_14.asset using Guid(bc424ec7f0daacd468a320b6c0971e89) Importer(815301076,1909f56bfc062723c751e8b465ee728b) (PreviewImporter) -> (artifact id: '8b66b50ec336be26a79200aa9c9287a1') in 0.0119713 seconds
Number of updated asset objects reloaded before import = 0Number of asset objects unloaded after import = 3

========================================================================
Received Import Request.
  Time since last request: 0.000023 seconds.
  path: Assets/karsiori/Tiles/Tiles_4.asset
  artifactKey: Guid(c4c146a16fb28e149b28fd5ea35ec033) Importer(815301076,1909f56bfc062723c751e8b465ee728b)
Start importing Assets/karsiori/Tiles/Tiles_4.asset using Guid(c4c146a16fb28e149b28fd5ea35ec033) Importer(815301076,1909f56bfc062723c751e8b465ee728b) (PreviewImporter) -> (artifact id: '37e02e32050479630906450661c8f4be') in 0.009444 seconds
Number of updated asset objects reloaded before import = 0Number of asset objects unloaded after import = 3

========================================================================
Received Import Request.
  Time since last request: 0.000010 seconds.
  path: Assets/karsiori/Tiles/Tiles_27.asset
  artifactKey: Guid(e1483ae4ba5d4084ea623e65a13b2107) Importer(815301076,1909f56bfc062723c751e8b465ee728b)
Start importing Assets/karsiori/Tiles/Tiles_27.asset using Guid(e1483ae4ba5d4084ea623e65a13b2107) Importer(815301076,1909f56bfc062723c751e8b465ee728b) (PreviewImporter) -> (artifact id: '321d6408cae977d47e4dce43acf40655') in 0.0099349 seconds
Number of updated asset objects reloaded before import = 0Number of asset objects unloaded after import = 3

========================================================================
Received Import Request.
  Time since last request: 0.000013 seconds.
  path: Assets/karsiori/Tiles/Tiles_36.asset
  artifactKey: Guid(eaf2b6a7be31a934fa4968610002a857) Importer(815301076,1909f56bfc062723c751e8b465ee728b)
Start importing Assets/karsiori/Tiles/Tiles_36.asset using Guid(eaf2b6a7be31a934fa4968610002a857) Importer(815301076,1909f56bfc062723c751e8b465ee728b) (PreviewImporter) -> (artifact id: 'f7352190e8a84d0facd47fe6afc5cba4') in 0.0110005 seconds
Number of updated asset objects reloaded before import = 0Number of asset objects unloaded after import = 3

========================================================================
Received Import Request.
  Time since last request: 0.000017 seconds.
  path: Assets/karsiori/Tiles/Tiles_24.asset
  artifactKey: Guid(b559478c421e65345a62338ee996d76e) Importer(815301076,1909f56bfc062723c751e8b465ee728b)
Start importing Assets/karsiori/Tiles/Tiles_24.asset using Guid(b559478c421e65345a62338ee996d76e) Importer(815301076,1909f56bfc062723c751e8b465ee728b) (PreviewImporter) -> (artifact id: '3c7d40969b1abf5010d5ed22f21192d6') in 0.0115315 seconds
Number of updated asset objects reloaded before import = 0Number of asset objects unloaded after import = 3

========================================================================
Received Import Request.
  Time since last request: 0.000014 seconds.
  path: Assets/karsiori/Tiles/Tiles_32.asset
  artifactKey: Guid(e639eecae9a589c4e95ba8f74bf0a00c) Importer(815301076,1909f56bfc062723c751e8b465ee728b)
Start importing Assets/karsiori/Tiles/Tiles_32.asset using Guid(e639eecae9a589c4e95ba8f74bf0a00c) Importer(815301076,1909f56bfc062723c751e8b465ee728b) (PreviewImporter) -> (artifact id: '1e98adf768daefabd8be16544f392711') in 0.0118068 seconds
Number of updated asset objects reloaded before import = 0Number of asset objects unloaded after import = 3

========================================================================
Received Import Request.
  Time since last request: 0.000019 seconds.
  path: Assets/karsiori/Tiles/Tiles_5.asset
  artifactKey: Guid(036c06c21677fee4583a9ed3feabe74e) Importer(815301076,1909f56bfc062723c751e8b465ee728b)
Start importing Assets/karsiori/Tiles/Tiles_5.asset using Guid(036c06c21677fee4583a9ed3feabe74e) Importer(815301076,1909f56bfc062723c751e8b465ee728b) (PreviewImporter) -> (artifact id: '7aa8cb0ceedac6ebf1b1fad947864062') in 0.0107216 seconds
Number of updated asset objects reloaded before import = 0Number of asset objects unloaded after import = 3

========================================================================
Received Import Request.
  Time since last request: 0.000012 seconds.
  path: Assets/karsiori/Tiles/Tiles_29.asset
  artifactKey: Guid(6d8be3f9f75c37448856d259f2472ff4) Importer(815301076,1909f56bfc062723c751e8b465ee728b)
Start importing Assets/karsiori/Tiles/Tiles_29.asset using Guid(6d8be3f9f75c37448856d259f2472ff4) Importer(815301076,1909f56bfc062723c751e8b465ee728b) (PreviewImporter) -> (artifact id: 'e9845c6699e9df5bc02f95581abe440f') in 0.0108605 seconds
Number of updated asset objects reloaded before import = 0Number of asset objects unloaded after import = 3

========================================================================
Received Import Request.
  Time since last request: 1.112917 seconds.
  path: Assets/karsiori/Tiles/Tiles_49.asset
  artifactKey: Guid(eb8ff882a1079374997e6c2c18c6e2f5) Importer(815301076,1909f56bfc062723c751e8b465ee728b)
Start importing Assets/karsiori/Tiles/Tiles_49.asset using Guid(eb8ff882a1079374997e6c2c18c6e2f5) Importer(815301076,1909f56bfc062723c751e8b465ee728b) (PreviewImporter) -> (artifact id: 'b936896ba87ca7feee3d0f6f5e5e80c4') in 0.005148 seconds
Number of updated asset objects reloaded before import = 0Number of asset objects unloaded after import = 3

========================================================================
Received Import Request.
  Time since last request: 0.000010 seconds.
  path: Assets/karsiori/Tiles/Tiles_53.asset
  artifactKey: Guid(c52e6b74670c81c47951a896722e8869) Importer(815301076,1909f56bfc062723c751e8b465ee728b)
Start importing Assets/karsiori/Tiles/Tiles_53.asset using Guid(c52e6b74670c81c47951a896722e8869) Importer(815301076,1909f56bfc062723c751e8b465ee728b) (PreviewImporter) -> (artifact id: '70ec51796a5ceb0f45680db1d651bf69') in 0.0136362 seconds
Number of updated asset objects reloaded before import = 0Number of asset objects unloaded after import = 3

========================================================================
Received Import Request.
  Time since last request: 0.069660 seconds.
  path: Assets/karsiori/Tiles/Tiles_61.asset
  artifactKey: Guid(7e6dd50e7cf7a834aacf0eec3528c699) Importer(815301076,1909f56bfc062723c751e8b465ee728b)
Start importing Assets/karsiori/Tiles/Tiles_61.asset using Guid(7e6dd50e7cf7a834aacf0eec3528c699) Importer(815301076,1909f56bfc062723c751e8b465ee728b) (PreviewImporter) -> (artifact id: '9f3b7cfb5244892a9387383a8ccb7318') in 0.0120457 seconds
Number of updated asset objects reloaded before import = 0Number of asset objects unloaded after import = 3

========================================================================
Received Import Request.
  Time since last request: 0.000011 seconds.
  path: Assets/karsiori/Tiles/Tiles_65.asset
  artifactKey: Guid(eeed74410d3a0b645af3485ac99f9a0e) Importer(815301076,1909f56bfc062723c751e8b465ee728b)
Start importing Assets/karsiori/Tiles/Tiles_65.asset using Guid(eeed74410d3a0b645af3485ac99f9a0e) Importer(815301076,1909f56bfc062723c751e8b465ee728b) (PreviewImporter) -> (artifact id: '6f7aa5e11b4dbed83e27c3472aedecd3') in 0.0092375 seconds
Number of updated asset objects reloaded before import = 0Number of asset objects unloaded after import = 3

========================================================================
Received Import Request.
  Time since last request: 127.309802 seconds.
  path: Assets/Mountains 4.prefab
  artifactKey: Guid(635ea37502f87f94e91b2ed82f89ecc0) Importer(815301076,1909f56bfc062723c751e8b465ee728b)
Start importing Assets/Mountains 4.prefab using Guid(635ea37502f87f94e91b2ed82f89ecc0) Importer(815301076,1909f56bfc062723c751e8b465ee728b) (PreviewImporter) -> (artifact id: '950d964cf403b8e9c7ef75a9bb3907d5') in 0.2524863 seconds
Number of updated asset objects reloaded before import = 0Number of asset objects unloaded after import = 7

========================================================================
Received Import Request.
  Time since last request: 0.000027 seconds.
  path: Assets/Mountains 3.prefab
  artifactKey: Guid(8412faf66a969de47a25c060f11dd993) Importer(815301076,1909f56bfc062723c751e8b465ee728b)
Start importing Assets/Mountains 3.prefab using Guid(8412faf66a969de47a25c060f11dd993) Importer(815301076,1909f56bfc062723c751e8b465ee728b) (PreviewImporter) -> (artifact id: '71a6640c9e2e5f0c91cc6f72af175f81') in 0.0133019 seconds
Number of updated asset objects reloaded before import = 0Number of asset objects unloaded after import = 7

========================================================================
Received Import Request.
  Time since last request: 0.626164 seconds.
  path: Assets/Mountains 2.prefab
  artifactKey: Guid(8b38f9d2c82da784c889e03714eb260c) Importer(2089858483,b0f066a214c2f5e87bad3c948f4d605d)
Start importing Assets/Mountains 2.prefab using Guid(8b38f9d2c82da784c889e03714eb260c) Importer(2089858483,b0f066a214c2f5e87bad3c948f4d605d) (ScriptedImporter) -> (artifact id: 'ddc8031c65386fe7fd91c299c960f654') in 0.0696993 seconds
Number of updated asset objects reloaded before import = 0Number of asset objects unloaded after import = 7

========================================================================
Received Import Request.
  Time since last request: 0.000016 seconds.
  path: Assets/Mountains 3.prefab
  artifactKey: Guid(8412faf66a969de47a25c060f11dd993) Importer(2089858483,b0f066a214c2f5e87bad3c948f4d605d)
Start importing Assets/Mountains 3.prefab using Guid(8412faf66a969de47a25c060f11dd993) Importer(2089858483,b0f066a214c2f5e87bad3c948f4d605d) (ScriptedImporter) -> (artifact id: '71c590f1d9687c9b72a96e986a89d14a') in 0.0146694 seconds
Number of updated asset objects reloaded before import = 0Number of asset objects unloaded after import = 7

========================================================================
Received Import Request.
  Time since last request: 36.595275 seconds.
  path: Assets/BackIMG.prefab
  artifactKey: Guid(2db43bd07c223d24e9682dfcb9c03438) Importer(815301076,1909f56bfc062723c751e8b465ee728b)
Start importing Assets/BackIMG.prefab using Guid(2db43bd07c223d24e9682dfcb9c03438) Importer(815301076,1909f56bfc062723c751e8b465ee728b) (PreviewImporter) -> (artifact id: '92b0eef474e23ebf1ea266826a4d2b4a') in 0.0177217 seconds
Number of updated asset objects reloaded before import = 0Number of asset objects unloaded after import = 24

========================================================================
Received Import Request.
  Time since last request: 0.918278 seconds.
  path: Assets/BackIMG.prefab
  artifactKey: Guid(2db43bd07c223d24e9682dfcb9c03438) Importer(2089858483,b0f066a214c2f5e87bad3c948f4d605d)
Start importing Assets/BackIMG.prefab using Guid(2db43bd07c223d24e9682dfcb9c03438) Importer(2089858483,b0f066a214c2f5e87bad3c948f4d605d) (ScriptedImporter) -> (artifact id: '2e6db96646be50c63c190397cf0a3683') in 0.0129541 seconds
Number of updated asset objects reloaded before import = 0Number of asset objects unloaded after import = 24

========================================================================
Received Import Request.
  Time since last request: 6.266303 seconds.
  path: Assets/Settings/Lit2DSceneTemplate.scenetemplate
  artifactKey: Guid(d03ed43fc9d8a4f2e9fa70c1c7916eb9) Importer(815301076,1909f56bfc062723c751e8b465ee728b)
Start importing Assets/Settings/Lit2DSceneTemplate.scenetemplate using Guid(d03ed43fc9d8a4f2e9fa70c1c7916eb9) Importer(815301076,1909f56bfc062723c751e8b465ee728b) (PreviewImporter) -> (artifact id: '0cf7743d3fc12cb82a74614ef924e8b3') in 0.0477465 seconds
Number of updated asset objects reloaded before import = 0Number of asset objects unloaded after import = 4

========================================================================
Received Import Request.
  Time since last request: 61.900123 seconds.
  path: Assets/Scenes/Main Town.unity
  artifactKey: Guid(1976b27aea70219428c4fd0cb8d358c7) Importer(2089858483,b0f066a214c2f5e87bad3c948f4d605d)
Start importing Assets/Scenes/Main Town.unity using Guid(1976b27aea70219428c4fd0cb8d358c7) Importer(2089858483,b0f066a214c2f5e87bad3c948f4d605d) (ScriptedImporter) -> (artifact id: '41420cabcbd2c0030768884d4c49bde5') in 0.0236696 seconds
Number of updated asset objects reloaded before import = 0Number of asset objects unloaded after import = 1

========================================================================
Received Import Request.
  Time since last request: 40.304621 seconds.
  path: Assets/BackIMG.prefab
  artifactKey: Guid(2db43bd07c223d24e9682dfcb9c03438) Importer(815301076,1909f56bfc062723c751e8b465ee728b)
Start importing Assets/BackIMG.prefab using Guid(2db43bd07c223d24e9682dfcb9c03438) Importer(815301076,1909f56bfc062723c751e8b465ee728b) (PreviewImporter) -> (artifact id: '8b870201babbb55616cb675d2dc76735') in 0.0171903 seconds
Number of updated asset objects reloaded before import = 0Number of asset objects unloaded after import = 44

========================================================================
Received Import Request.
  Time since last request: 0.929894 seconds.
  path: Assets/BackIMG.prefab
  artifactKey: Guid(2db43bd07c223d24e9682dfcb9c03438) Importer(2089858483,b0f066a214c2f5e87bad3c948f4d605d)
Start importing Assets/BackIMG.prefab using Guid(2db43bd07c223d24e9682dfcb9c03438) Importer(2089858483,b0f066a214c2f5e87bad3c948f4d605d) (ScriptedImporter) -> (artifact id: '9a604eab40b89ff7890af8f93f70b6f2') in 0.0142479 seconds
Number of updated asset objects reloaded before import = 0Number of asset objects unloaded after import = 44

========================================================================
Received Import Request.
  Time since last request: 17.649325 seconds.
  path: Assets/BackIMG.prefab
  artifactKey: Guid(2db43bd07c223d24e9682dfcb9c03438) Importer(815301076,1909f56bfc062723c751e8b465ee728b)
Start importing Assets/BackIMG.prefab using Guid(2db43bd07c223d24e9682dfcb9c03438) Importer(815301076,1909f56bfc062723c751e8b465ee728b) (PreviewImporter) -> (artifact id: '6693fd8cbd8c7504877cc178f68446fa') in 0.0171419 seconds
Number of updated asset objects reloaded before import = 0Number of asset objects unloaded after import = 49

========================================================================
Received Import Request.
  Time since last request: 0.923131 seconds.
  path: Assets/BackIMG.prefab
  artifactKey: Guid(2db43bd07c223d24e9682dfcb9c03438) Importer(2089858483,b0f066a214c2f5e87bad3c948f4d605d)
Start importing Assets/BackIMG.prefab using Guid(2db43bd07c223d24e9682dfcb9c03438) Importer(2089858483,b0f066a214c2f5e87bad3c948f4d605d) (ScriptedImporter) -> (artifact id: '95f7742f89597c0ae31f0ce7be40268f') in 0.0157807 seconds
Number of updated asset objects reloaded before import = 0Number of asset objects unloaded after import = 49

========================================================================
Received Import Request.
  Time since last request: 7.025784 seconds.
  path: Assets/Scenes/Main Town.unity
  artifactKey: Guid(1976b27aea70219428c4fd0cb8d358c7) Importer(815301076,1909f56bfc062723c751e8b465ee728b)
Start importing Assets/Scenes/Main Town.unity using Guid(1976b27aea70219428c4fd0cb8d358c7) Importer(815301076,1909f56bfc062723c751e8b465ee728b) (PreviewImporter) -> (artifact id: 'ee52ffb546c440b4a259256d452027f4') in 0.0011489 seconds
Number of updated asset objects reloaded before import = 0Number of asset objects unloaded after import = 0

========================================================================
Received Import Request.
  Time since last request: 301.536754 seconds.
  path: Packages/com.unity.render-pipelines.universal/Runtime/Materials/Decal.mat
  artifactKey: Guid(31d0dcc6f2dd4e4408d18036a2c93862) Importer(815301076,1909f56bfc062723c751e8b465ee728b)
Start importing Packages/com.unity.render-pipelines.universal/Runtime/Materials/Decal.mat using Guid(31d0dcc6f2dd4e4408d18036a2c93862) Importer(815301076,1909f56bfc062723c751e8b465ee728b) (PreviewImporter) -> (artifact id: '880a233a4317cdb5d2cdc3e35ca9e722') in 0.0275594 seconds
Number of updated asset objects reloaded before import = 0Number of asset objects unloaded after import = 0

========================================================================
Received Import Request.
  Time since last request: 0.000031 seconds.
  path: Packages/com.unity.render-pipelines.universal/Runtime/Materials/SpatialMappingOcclusion.mat
  artifactKey: Guid(b51db210fe78df745a372851b3db949e) Importer(815301076,1909f56bfc062723c751e8b465ee728b)
Start importing Packages/com.unity.render-pipelines.universal/Runtime/Materials/SpatialMappingOcclusion.mat using Guid(b51db210fe78df745a372851b3db949e) Importer(815301076,1909f56bfc062723c751e8b465ee728b) (PreviewImporter) -> (artifact id: 'e5901a27f2cef1649e4758f45bcdfa80') in 0.0094853 seconds
Number of updated asset objects reloaded before import = 0Number of asset objects unloaded after import = 1

========================================================================
Received Import Request.
  Time since last request: 0.000047 seconds.
  path: Packages/com.unity.render-pipelines.universal/Runtime/Materials/ParticlesUnlit.mat
  artifactKey: Guid(e823cd5b5d27c0f4b8256e7c12ee3e6d) Importer(815301076,1909f56bfc062723c751e8b465ee728b)
Start importing Packages/com.unity.render-pipelines.universal/Runtime/Materials/ParticlesUnlit.mat using Guid(e823cd5b5d27c0f4b8256e7c12ee3e6d) Importer(815301076,1909f56bfc062723c751e8b465ee728b) (PreviewImporter) -> (artifact id: 'ce7864d02b5c7155c58355a5fec3c6b6') in 0.112697 seconds
Number of updated asset objects reloaded before import = 0Number of asset objects unloaded after import = 0

========================================================================
Received Import Request.
  Time since last request: 0.000021 seconds.
  path: Packages/com.unity.render-pipelines.universal/Runtime/Materials/Mesh2D-Unlit-Default.mat
  artifactKey: Guid(71942363c5608a64bb62421349d39c9c) Importer(815301076,1909f56bfc062723c751e8b465ee728b)
Start importing Packages/com.unity.render-pipelines.universal/Runtime/Materials/Mesh2D-Unlit-Default.mat using Guid(71942363c5608a64bb62421349d39c9c) Importer(815301076,1909f56bfc062723c751e8b465ee728b) (PreviewImporter) -> (artifact id: '92a5bc26c52477629c8c762a1c1d4cfa') in 0.0161025 seconds
Number of updated asset objects reloaded before import = 0Number of asset objects unloaded after import = 1

========================================================================
Received Import Request.
  Time since last request: 0.000032 seconds.
  path: Packages/com.unity.render-pipelines.universal/Runtime/Materials/Sprite-Lit-Default.mat
  artifactKey: Guid(a97c105638bdf8b4a8650670310a4cd3) Importer(815301076,1909f56bfc062723c751e8b465ee728b)
Start importing Packages/com.unity.render-pipelines.universal/Runtime/Materials/Sprite-Lit-Default.mat using Guid(a97c105638bdf8b4a8650670310a4cd3) Importer(815301076,1909f56bfc062723c751e8b465ee728b) (PreviewImporter) -> (artifact id: 'd051055ff47f2539884781350e7054d9') in 0.0062422 seconds
Number of updated asset objects reloaded before import = 0Number of asset objects unloaded after import = 0

========================================================================
Received Import Request.
  Time since last request: 0.000027 seconds.
  path: Packages/com.unity.render-pipelines.universal/Runtime/Materials/TerrainLit.mat
  artifactKey: Guid(594ea882c5a793440b60ff72d896021e) Importer(815301076,1909f56bfc062723c751e8b465ee728b)
Start importing Packages/com.unity.render-pipelines.universal/Runtime/Materials/TerrainLit.mat using Guid(594ea882c5a793440b60ff72d896021e) Importer(815301076,1909f56bfc062723c751e8b465ee728b) (PreviewImporter) -> (artifact id: '4795c2d7fba342191a26396b0f061dfc') in 0.1216558 seconds
Number of updated asset objects reloaded before import = 0Number of asset objects unloaded after import = 0

========================================================================
Received Import Request.
  Time since last request: 0.000023 seconds.
  path: Packages/com.unity.render-pipelines.universal/Runtime/Materials/SimpleLit.mat
  artifactKey: Guid(6a1143ee683302f4aa628c052723efc1) Importer(815301076,1909f56bfc062723c751e8b465ee728b)
Start importing Packages/com.unity.render-pipelines.universal/Runtime/Materials/SimpleLit.mat using Guid(6a1143ee683302f4aa628c052723efc1) Importer(815301076,1909f56bfc062723c751e8b465ee728b) (PreviewImporter) -> (artifact id: '204ae791d852e329b837dbe091281722') in 0.0276996 seconds
Number of updated asset objects reloaded before import = 0Number of asset objects unloaded after import = 2

========================================================================
Received Import Request.
  Time since last request: 0.000023 seconds.
  path: Packages/com.unity.render-pipelines.universal/Runtime/Materials/Mesh2D-Lit-Default.mat
  artifactKey: Guid(9452ae1262a74094f8a68013fbcd1834) Importer(815301076,1909f56bfc062723c751e8b465ee728b)
Start importing Packages/com.unity.render-pipelines.universal/Runtime/Materials/Mesh2D-Lit-Default.mat using Guid(9452ae1262a74094f8a68013fbcd1834) Importer(815301076,1909f56bfc062723c751e8b465ee728b) (PreviewImporter) -> (artifact id: '1ee80c037c56b0dccc45087a63414947') in 0.0058834 seconds
Number of updated asset objects reloaded before import = 0Number of asset objects unloaded after import = 0

Editor requested this worker to shutdown with reason: Scaling down because of idle timeout
AssetImportWorker is now disconnected from the server
Process exiting
Exiting without the bug reporter. Application will terminate with return code 0